Requirement already satisfied: pip in ./venv/lib/python3.12/site-packages (26.2.1)
Collecting Flask>=3.0.0 (from -r /home/vigilant-admin/vigilant_gateway/requirements.txt (line 1))
  Using cached flask-3.1.3-py3-none-any.whl.metadata (3.2 kB)
Requirement already satisfied: flask-cors>=4.0.0 in ./venv/lib/python3.12/site-packages (from -r /home/vigilant-admin/vigilant_gateway/requirements.txt (line 2)) (6.0.5)
Requirement already satisfied: psutil>=5.9.0 in ./venv/lib/python3.12/site-packages (from -r /home/vigilant-admin/vigilant_gateway/requirements.txt (line 3)) (7.2.2)
Requirement already satisfied: PyYAML>=6.0 in ./venv/lib/python3.12/site-packages (from -r /home/vigilant-admin/vigilant_gateway/requirements.txt (line 4)) (6.0.3)
Requirement already satisfied: scikit-learn>=1.3.0 in ./venv/lib/python3.12/site-packages (from -r /home/vigilant-admin/vigilant_gateway/requirements.txt (line 5)) (1.9.0)
Requirement already satisfied: numpy>=1.24.0 in ./venv/lib/python3.12/site-packages (from -r /home/vigilant-admin/vigilant_gateway/requirements.txt (line 6)) (2.5.1)
Requirement already satisfied: blinker>=1.9.0 in ./venv/lib/python3.12/site-packages (from Flask>=3.0.0->-r /home/vigilant-admin/vigilant_gateway/requirements.txt (line 1)) (1.9.0)
Requirement already satisfied: click>=8.1.3 in ./venv/lib/python3.12/site-packages (from Flask>=3.0.0->-r /home/vigilant-admin/vigilant_gateway/requirements.txt (line 1)) (8.4.2)
Requirement already satisfied: itsdangerous>=2.2.0 in ./venv/lib/python3.12/site-packages (from Flask>=3.0.0->-r /home/vigilant-admin/vigilant_gateway/requirements.txt (line 1)) (2.2.0)
Requirement already satisfied: jinja2>=3.1.2 in ./venv/lib/python3.12/site-packages (from Flask>=3.0.0->-r /home/vigilant-admin/vigilant_gateway/requirements.txt (line 1)) (3.1.6)
Requirement already satisfied: markupsafe>=2.1.1 in ./venv/lib/python3.12/site-packages (from Flask>=3.0.0->-r /home/vigilant-admin/vigilant_gateway/requirements.txt (line 1)) (3.0.3)
Requirement already satisfied: werkzeug>=3.1.0 in ./venv/lib/python3.12/site-packages (from Flask>=3.0.0->-r /home/vigilant-admin/vigilant_gateway/requirements.txt (line 1)) (3.1.8)
Requirement already satisfied: scipy>=1.10.0 in ./venv/lib/python3.12/site-packages (from scikit-learn>=1.3.0->-r /home/vigilant-admin/vigilant_gateway/requirements.txt (line 5)) (1.18.0)
Requirement already satisfied: joblib>=1.4.0 in ./venv/lib/python3.12/site-packages (from scikit-learn>=1.3.0->-r /home/vigilant-admin/vigilant_gateway/requirements.txt (line 5)) (1.5.3)
Requirement already satisfied: narwhals>=2.0.1 in ./venv/lib/python3.12/site-packages (from scikit-learn>=1.3.0->-r /home/vigilant-admin/vigilant_gateway/requirements.txt (line 5)) (2.24.0)
Requirement already satisfied: threadpoolctl>=3.5.0 in ./venv/lib/python3.12/site-packages (from scikit-learn>=1.3.0->-r /home/vigilant-admin/vigilant_gateway/requirements.txt (line 5)) (3.6.0)
Using cached flask-3.1.3-py3-none-any.whl (103 kB)
Installing collected packages: Flask
  Attempting uninstall: Flask
    Found existing installation: Flask 2.2.5
    Uninstalling Flask-2.2.5:
      Successfully uninstalled Flask-2.2.5
ERROR: pip's dependency resolver does not currently take into account all the packages that are installed. This behaviour is the source of the following dependency conflicts.
mitmproxy 9.0.1 requires flask<2.3,>=1.1.1, but you have flask 3.1.3 which is incompatible.
Successfully installed Flask-3.1.3
Requirement already satisfied: mitmproxy==9.0.1 in ./venv/lib/python3.12/site-packages (9.0.1)
Requirement already satisfied: spacy in ./venv/lib/python3.12/site-packages (3.8.14)
Requirement already satisfied: flask in ./venv/lib/python3.12/site-packages (3.1.3)
Requirement already satisfied: flask-cors in ./venv/lib/python3.12/site-packages (6.0.5)
Requirement already satisfied: asgiref<3.6,>=3.2.10 in ./venv/lib/python3.12/site-packages (from mitmproxy==9.0.1) (3.5.2)
Requirement already satisfied: Brotli<1.1,>=1.0 in ./venv/lib/python3.12/site-packages (from mitmproxy==9.0.1) (1.0.9)
Requirement already satisfied: certifi>=2019.9.11 in ./venv/lib/python3.12/site-packages (from mitmproxy==9.0.1) (2026.7.22)
Requirement already satisfied: cryptography<38.1,>=38.0 in ./venv/lib/python3.12/site-packages (from mitmproxy==9.0.1) (38.0.4)
Collecting flask
  Using cached Flask-2.2.5-py3-none-any.whl.metadata (3.9 kB)
Requirement already satisfied: h11<0.15,>=0.11 in ./venv/lib/python3.12/site-packages (from mitmproxy==9.0.1) (0.14.0)
Requirement already satisfied: h2<5,>=4.1 in ./venv/lib/python3.12/site-packages (from mitmproxy==9.0.1) (4.3.0)
Requirement already satisfied: hyperframe<7,>=6.0 in ./venv/lib/python3.12/site-packages (from mitmproxy==9.0.1) (6.1.0)
Requirement already satisfied: kaitaistruct<0.11,>=0.10 in ./venv/lib/python3.12/site-packages (from mitmproxy==9.0.1) (0.10)
Requirement already satisfied: ldap3<2.10,>=2.8 in ./venv/lib/python3.12/site-packages (from mitmproxy==9.0.1) (2.9.1)
Requirement already satisfied: mitmproxy-wireguard<0.2,>=0.1.6 in ./venv/lib/python3.12/site-packages (from mitmproxy==9.0.1) (0.1.23)
Requirement already satisfied: msgpack<1.1.0,>=1.0.0 in ./venv/lib/python3.12/site-packages (from mitmproxy==9.0.1) (1.0.8)
Requirement already satisfied: passlib<1.8,>=1.6.5 in ./venv/lib/python3.12/site-packages (from mitmproxy==9.0.1) (1.7.4)
Requirement already satisfied: protobuf<5,>=3.14 in ./venv/lib/python3.12/site-packages (from mitmproxy==9.0.1) (4.25.9)
Requirement already satisfied: pyOpenSSL<22.2,>=22.1 in ./venv/lib/python3.12/site-packages (from mitmproxy==9.0.1) (22.1.0)
Requirement already satisfied: pyparsing<3.1,>=2.4.2 in ./venv/lib/python3.12/site-packages (from mitmproxy==9.0.1) (3.0.9)
Requirement already satisfied: pyperclip<1.9,>=1.6.0 in ./venv/lib/python3.12/site-packages (from mitmproxy==9.0.1) (1.8.2)
Requirement already satisfied: ruamel.yaml<0.18,>=0.16 in ./venv/lib/python3.12/site-packages (from mitmproxy==9.0.1) (0.17.40)
Requirement already satisfied: sortedcontainers<2.5,>=2.3 in ./venv/lib/python3.12/site-packages (from mitmproxy==9.0.1) (2.4.0)
Requirement already satisfied: tornado<7,>=6.1 in ./venv/lib/python3.12/site-packages (from mitmproxy==9.0.1) (6.5.7)
Requirement already satisfied: urwid<2.2,>=2.1.1 in ./venv/lib/python3.12/site-packages (from mitmproxy==9.0.1) (2.1.2)
Requirement already satisfied: wsproto<1.3,>=1.0 in ./venv/lib/python3.12/site-packages (from mitmproxy==9.0.1) (1.2.0)
Requirement already satisfied: publicsuffix2<3,>=2.20190812 in ./venv/lib/python3.12/site-packages (from mitmproxy==9.0.1) (2.20191221)
Requirement already satisfied: zstandard<0.20,>=0.11 in ./venv/lib/python3.12/site-packages (from mitmproxy==9.0.1) (0.19.0)
Requirement already satisfied: Werkzeug>=2.2.2 in ./venv/lib/python3.12/site-packages (from flask) (3.1.8)
Requirement already satisfied: Jinja2>=3.0 in ./venv/lib/python3.12/site-packages (from flask) (3.1.6)
Requirement already satisfied: itsdangerous>=2.0 in ./venv/lib/python3.12/site-packages (from flask) (2.2.0)
Requirement already satisfied: click>=8.0 in ./venv/lib/python3.12/site-packages (from flask) (8.4.2)
Requirement already satisfied: cffi>=1.12 in ./venv/lib/python3.12/site-packages (from cryptography<38.1,>=38.0->mitmproxy==9.0.1) (2.1.0)
Requirement already satisfied: hpack<5,>=4.1 in ./venv/lib/python3.12/site-packages (from h2<5,>=4.1->mitmproxy==9.0.1) (4.2.0)
Requirement already satisfied: pyasn1>=0.4.6 in ./venv/lib/python3.12/site-packages (from ldap3<2.10,>=2.8->mitmproxy==9.0.1) (0.6.4)
Requirement already satisfied: ruamel.yaml.clib>=0.2.7 in ./venv/lib/python3.12/site-packages (from ruamel.yaml<0.18,>=0.16->mitmproxy==9.0.1) (0.2.15)
Requirement already satisfied: spacy-legacy<3.1.0,>=3.0.11 in ./venv/lib/python3.12/site-packages (from spacy) (3.0.12)
Requirement already satisfied: spacy-loggers<2.0.0,>=1.0.0 in ./venv/lib/python3.12/site-packages (from spacy) (1.0.5)
Requirement already satisfied: murmurhash<1.1.0,>=0.28.0 in ./venv/lib/python3.12/site-packages (from spacy) (1.0.15)
Requirement already satisfied: cymem<2.1.0,>=2.0.2 in ./venv/lib/python3.12/site-packages (from spacy) (2.0.13)
Requirement already satisfied: preshed<3.1.0,>=3.0.2 in ./venv/lib/python3.12/site-packages (from spacy) (3.0.13)
Requirement already satisfied: thinc<8.4.0,>=8.3.12 in ./venv/lib/python3.12/site-packages (from spacy) (8.3.13)
Requirement already satisfied: wasabi<1.2.0,>=0.9.1 in ./venv/lib/python3.12/site-packages (from spacy) (1.1.3)
Requirement already satisfied: srsly<3.0.0,>=2.5.3 in ./venv/lib/python3.12/site-packages (from spacy) (2.5.3)
Requirement already satisfied: catalogue<2.1.0,>=2.0.6 in ./venv/lib/python3.12/site-packages (from spacy) (2.0.10)
Requirement already satisfied: weasel<2.0.0,>=1.0.0 in ./venv/lib/python3.12/site-packages (from spacy) (1.0.0)
Requirement already satisfied: confection<2.0.0,>=1.3.2 in ./venv/lib/python3.12/site-packages (from spacy) (1.3.3)
Requirement already satisfied: typer<1.0.0,>=0.3.0 in ./venv/lib/python3.12/site-packages (from spacy) (0.27.0)
Requirement already satisfied: tqdm<5.0.0,>=4.38.0 in ./venv/lib/python3.12/site-packages (from spacy) (4.69.0)
Requirement already satisfied: numpy>=1.19.0 in ./venv/lib/python3.12/site-packages (from spacy) (2.5.1)
Requirement already satisfied: requests<3.0.0,>=2.13.0 in ./venv/lib/python3.12/site-packages (from spacy) (2.34.2)
Requirement already satisfied: pydantic<3.0.0,>=2.0.0 in ./venv/lib/python3.12/site-packages (from spacy) (2.13.4)
Requirement already satisfied: setuptools in ./venv/lib/python3.12/site-packages (from spacy) (83.0.0)
Requirement already satisfied: packaging>=20.0 in ./venv/lib/python3.12/site-packages (from spacy) (26.2)
Requirement already satisfied: annotated-types>=0.6.0 in ./venv/lib/python3.12/site-packages (from pydantic<3.0.0,>=2.0.0->spacy) (0.7.0)
Requirement already satisfied: pydantic-core==2.46.4 in ./venv/lib/python3.12/site-packages (from pydantic<3.0.0,>=2.0.0->spacy) (2.46.4)
Requirement already satisfied: typing-extensions>=4.14.1 in ./venv/lib/python3.12/site-packages (from pydantic<3.0.0,>=2.0.0->spacy) (4.16.0)
Requirement already satisfied: typing-inspection>=0.4.2 in ./venv/lib/python3.12/site-packages (from pydantic<3.0.0,>=2.0.0->spacy) (0.4.2)
Requirement already satisfied: charset_normalizer<4,>=2 in ./venv/lib/python3.12/site-packages (from requests<3.0.0,>=2.13.0->spacy) (3.4.9)
Requirement already satisfied: idna<4,>=2.5 in ./venv/lib/python3.12/site-packages (from requests<3.0.0,>=2.13.0->spacy) (3.18)
Requirement already satisfied: urllib3<3,>=1.26 in ./venv/lib/python3.12/site-packages (from requests<3.0.0,>=2.13.0->spacy) (2.7.0)
Requirement already satisfied: blis<1.4.0,>=1.3.0 in ./venv/lib/python3.12/site-packages (from thinc<8.4.0,>=8.3.12->spacy) (1.3.3)
Requirement already satisfied: shellingham>=1.3.0 in ./venv/lib/python3.12/site-packages (from typer<1.0.0,>=0.3.0->spacy) (1.5.4)
Requirement already satisfied: rich>=13.8.0 in ./venv/lib/python3.12/site-packages (from typer<1.0.0,>=0.3.0->spacy) (15.0.0)
Requirement already satisfied: annotated-doc>=0.0.2 in ./venv/lib/python3.12/site-packages (from typer<1.0.0,>=0.3.0->spacy) (0.0.4)
Requirement already satisfied: cloudpathlib>=0.7.0 in ./venv/lib/python3.12/site-packages (from weasel<2.0.0,>=1.0.0->spacy) (0.24.0)
Requirement already satisfied: smart-open>=5.2.1 in ./venv/lib/python3.12/site-packages (from weasel<2.0.0,>=1.0.0->spacy) (8.0.1)
Requirement already satisfied: httpx>=0.24.0 in ./venv/lib/python3.12/site-packages (from weasel<2.0.0,>=1.0.0->spacy) (0.28.1)
Requirement already satisfied: pycparser in ./venv/lib/python3.12/site-packages (from cffi>=1.12->cryptography<38.1,>=38.0->mitmproxy==9.0.1) (3.0)
Requirement already satisfied: anyio in ./venv/lib/python3.12/site-packages (from httpx>=0.24.0->weasel<2.0.0,>=1.0.0->spacy) (4.14.2)
Requirement already satisfied: httpcore==1.* in ./venv/lib/python3.12/site-packages (from httpx>=0.24.0->weasel<2.0.0,>=1.0.0->spacy) (1.0.8)
Requirement already satisfied: MarkupSafe>=2.0 in ./venv/lib/python3.12/site-packages (from Jinja2>=3.0->flask) (3.0.3)
Requirement already satisfied: markdown-it-py>=2.2.0 in ./venv/lib/python3.12/site-packages (from rich>=13.8.0->typer<1.0.0,>=0.3.0->spacy) (4.2.0)
Requirement already satisfied: pygments<3.0.0,>=2.13.0 in ./venv/lib/python3.12/site-packages (from rich>=13.8.0->typer<1.0.0,>=0.3.0->spacy) (2.20.0)
Requirement already satisfied: mdurl~=0.1 in ./venv/lib/python3.12/site-packages (from markdown-it-py>=2.2.0->rich>=13.8.0->typer<1.0.0,>=0.3.0->spacy) (0.1.2)
Requirement already satisfied: wrapt in ./venv/lib/python3.12/site-packages (from smart-open>=5.2.1->weasel<2.0.0,>=1.0.0->spacy) (2.2.2)
Using cached Flask-2.2.5-py3-none-any.whl (101 kB)
Installing collected packages: flask
  Attempting uninstall: flask
    Found existing installation: Flask 3.1.3
    Uninstalling Flask-3.1.3:
      Successfully uninstalled Flask-3.1.3
Successfully installed flask-2.2.5
Collecting en-core-web-sm==3.8.0
  Downloading en_core_web_sm-3.8.0-py3-none-any.whl (12.8 MB)
     ━━━━━━━━━━━━━━━━━━━━━━━━━━━━━━━━━━━━━━━━ 12.8/12.8 MB 16.0 MB/s  0:00:00
[38;5;2m✔ Download and installation successful[0m
You can now load the package via spacy.load('en_core_web_sm')
