Hit:1 http://ph.archive.ubuntu.com/ubuntu noble InRelease
Get:2 http://ph.archive.ubuntu.com/ubuntu noble-updates InRelease [126 kB]
Get:3 http://ph.archive.ubuntu.com/ubuntu noble-backports InRelease [126 kB]
Get:4 http://ph.archive.ubuntu.com/ubuntu noble-updates/main amd64 Packages [1,230 kB]
Get:5 http://ph.archive.ubuntu.com/ubuntu noble-updates/main amd64 Components [180 kB]
Get:6 http://ph.archive.ubuntu.com/ubuntu noble-updates/universe amd64 Packages [1,689 kB]
Get:7 https://pkgs.tailscale.com/stable/ubuntu noble InRelease
Get:8 http://ph.archive.ubuntu.com/ubuntu noble-updates/universe amd64 Components [388 kB]
Get:9 http://ph.archive.ubuntu.com/ubuntu noble-updates/multiverse amd64 Components [940 B]
Get:10 http://ph.archive.ubuntu.com/ubuntu noble-backports/main amd64 Components [5,776 B]
Get:11 http://ph.archive.ubuntu.com/ubuntu noble-backports/universe amd64 Components [12.6 kB]
Hit:12 http://security.ubuntu.com/ubuntu noble-security InRelease
Fetched 3,766 kB in 1s (3,932 kB/s)
Reading package lists...
Reading package lists...
Building dependency tree...
Reading state information...
python3 is already the newest version (3.12.3-0ubuntu2.1).
python3-pip is already the newest version (24.0+dfsg-1ubuntu1.3).
python3-venv is already the newest version (3.12.3-0ubuntu2.1).
dnsmasq is already the newest version (2.90-2ubuntu0.4).
iptables is already the newest version (1.8.10-3ubuntu2).
iptables-persistent is already the newest version (1.0.20).
netfilter-persistent is already the newest version (1.0.20).
git is already the newest version (1:2.43.0-1ubuntu7.3).
curl is already the newest version (8.5.0-2ubuntu10.13).
wget is already the newest version (1.21.4-1ubuntu4.5).
nano is already the newest version (7.2-2ubuntu0.2).
acl is already the newest version (2.3.2-1build1.1).
0 upgraded, 0 newly installed, 0 to remove and 54 not upgraded.
